TouchController.hpp:33:13:touchgfx::TouchController::~TouchController()	16	static
TouchController.hpp:33:13:virtual touchgfx::TouchController::~TouchController()	16	static
STM32TouchController.cpp:44:6:virtual void STM32TouchController::init()	16	static
STM32TouchController.cpp:57:6:virtual bool STM32TouchController::sampleTouch(int32_t&, int32_t&)	32	static
STM32TouchController.cpp:93:13:uint8_t BSP_TS_Init(uint16_t, uint16_t)	24	static
STM32TouchController.cpp:140:13:uint8_t BSP_TS_GetState(TS_StateTypeDef*)	32	static
STM32TouchController.cpp:197:13:uint8_t BSP_TS3510_IsDetected()	40	static
STM32TouchController.cpp:231:17:void I2Cx_Error(uint8_t)	16	static
STM32TouchController.cpp:253:17:void I2Cx_ITConfig()	40	static
STM32TouchController.cpp:285:17:void I2Cx_Write(uint8_t, uint8_t, uint8_t)	40	static
STM32TouchController.cpp:305:20:uint8_t I2Cx_Read(uint8_t, uint8_t)	40	static
STM32TouchController.cpp:329:30:HAL_StatusTypeDef I2Cx_ReadMultiple(uint8_t, uint16_t, uint16_t, uint8_t*, uint16_t)	48	static
STM32TouchController.cpp:359:30:HAL_StatusTypeDef I2Cx_WriteMultiple(uint8_t, uint16_t, uint16_t, uint8_t*, uint16_t)	48	static
STM32TouchController.cpp:379:10:void IOE_Init()	4	static
STM32TouchController.cpp:389:10:void IOE_ITConfig()	8	static
STM32TouchController.cpp:401:10:void IOE_Write(uint8_t, uint8_t, uint8_t)	16	static
STM32TouchController.cpp:412:13:uint8_t IOE_Read(uint8_t, uint8_t)	16	static
STM32TouchController.cpp:425:14:uint16_t IOE_ReadMultiple(uint8_t, uint8_t, uint8_t*, uint16_t)	24	static
STM32TouchController.cpp:438:10:void IOE_WriteMultiple(uint8_t, uint8_t, uint8_t*, uint16_t)	24	static
STM32TouchController.cpp:448:10:void IOE_Delay(uint32_t)	16	static
STM32TouchController.hpp:75:7:STM32TouchController::~STM32TouchController()	16	static
STM32TouchController.hpp:75:7:virtual STM32TouchController::~STM32TouchController()	16	static
