main.c:120:5:main	8	static
main.c:208:6:SystemClock_Config	136	static
main.c:266:13:MX_CRC_Init	8	static
main.c:292:13:MX_DMA2D_Init	8	static
main.c:329:13:MX_I2C1_Init	8	static
main.c:375:13:MX_LTDC_Init	64	static
main.c:437:13:MX_USART2_Init	8	static
main.c:467:13:MX_FMC_Init	64	static
main.c:555:13:MX_GPIO_Init	72	static
main.c:600:6:BSP_SDRAM_Initialization_sequence	40	static
main.c:657:13:LCD_init	8	static
main.c:766:13:SPI_WriteComm	24	static
main.c:787:13:SPI_WriteData	24	static
main.c:808:16:Bit_Reversal	24	static
main.c:817:6:HAL_USART_TxCpltCallback	16	static
main.c:830:13:TouchGFX_Task	16	static
main.c:849:6:HAL_TIM_PeriodElapsedCallback	16	static
main.c:866:6:Error_Handler	4	static
