stm32f4xx_hal_msp.c:64:6:HAL_MspInit	16	static
stm32f4xx_hal_msp.c:88:6:HAL_CRC_MspInit	24	static
stm32f4xx_hal_msp.c:110:6:HAL_CRC_MspDeInit	16	static
stm32f4xx_hal_msp.c:132:6:HAL_DMA2D_MspInit	24	static
stm32f4xx_hal_msp.c:157:6:HAL_DMA2D_MspDeInit	16	static
stm32f4xx_hal_msp.c:182:6:HAL_I2C_MspInit	48	static
stm32f4xx_hal_msp.c:218:6:HAL_I2C_MspDeInit	16	static
stm32f4xx_hal_msp.c:249:6:HAL_LTDC_MspInit	56	static
stm32f4xx_hal_msp.c:334:6:HAL_LTDC_MspDeInit	16	static
stm32f4xx_hal_msp.c:399:6:HAL_USART_MspInit	48	static
stm32f4xx_hal_msp.c:439:6:HAL_USART_MspDeInit	16	static
stm32f4xx_hal_msp.c:467:13:HAL_FMC_MspInit	32	static
stm32f4xx_hal_msp.c:614:6:HAL_NOR_MspInit	16	static
stm32f4xx_hal_msp.c:624:6:HAL_SDRAM_MspInit	16	static
stm32f4xx_hal_msp.c:636:13:HAL_FMC_MspDeInit	8	static
stm32f4xx_hal_msp.c:751:6:HAL_NOR_MspDeInit	16	static
stm32f4xx_hal_msp.c:761:6:HAL_SDRAM_MspDeInit	16	static
